[0m22:43:04.351874 [debug] [MainThread]: Sending event: {'category': 'dbt', 'action': 'invocation', 'label': 'start', 'context': [<snowplow_tracker.self_describing_json.SelfDescribingJson object at 0x000001563198A0E0>, <snowplow_tracker.self_describing_json.SelfDescribingJson object at 0x0000015632C70370>, <snowplow_tracker.self_describing_json.SelfDescribingJson object at 0x0000015632C70160>]}


============================== 22:43:04.354898 | af718afa-286a-43fd-b609-97ca236ede24 ==============================
[0m22:43:04.354898 [info ] [MainThread]: Running with dbt=1.11.8
[0m22:43:04.354898 [debug] [MainThread]: running dbt with arguments {'static_parser': 'True', 'no_print': 'None', 'version_check': 'True', 'target_path': 'None', 'warn_error_options': 'WarnErrorOptionsV2(error=[], warn=[], silence=[])', 'printer_width': '80', 'write_json': 'True', 'empty': 'None', 'log_cache_events': 'False', 'introspect': 'True', 'cache_selected_only': 'False', 'fail_fast': 'False', 'debug': 'False', 'log_format': 'default', 'profiles_dir': 'C:\\Users\\Sagar\\.dbt', 'send_anonymous_usage_stats': 'True', 'quiet': 'False', 'warn_error': 'None', 'partial_parse': 'True', 'use_colors': 'True', 'indirect_selection': 'eager', 'invocation_command': 'dbt init finflow_dbt', 'use_experimental_parser': 'False', 'log_path': 'logs'}
[0m22:43:04.368549 [info ] [MainThread]: Creating dbt configuration folder at C:\Users\Sagar\.dbt
[0m22:43:04.370561 [debug] [MainThread]: Starter project path: C:\Users\Sagar\dev\finflow\venv\lib\site-packages\dbt\include\starter_project
[0m22:43:04.411687 [info ] [MainThread]: 
Your new dbt project "finflow_dbt" was created!

For more information on how to configure the profiles.yml file,
please consult the dbt documentation here:

  https://docs.getdbt.com/docs/configure-your-profile

One more thing:

Need help? Don't hesitate to reach out to us via GitHub issues or on Slack:

  https://community.getdbt.com/

Happy modeling!

[0m22:43:04.411687 [info ] [MainThread]: Setting up your profile.
[0m22:43:24.873149 [debug] [MainThread]: Redshift adapter: Setting redshift_connector to ERROR
[0m22:43:24.874151 [debug] [MainThread]: Redshift adapter: Setting redshift_connector.core to ERROR
[0m22:44:29.258861 [info ] [MainThread]: Profile finflow_dbt written to C:\Users\Sagar\.dbt\profiles.yml using target's profile_template.yml and your supplied values. Run 'dbt debug' to validate the connection.
[0m22:44:29.260367 [debug] [MainThread]: Command `dbt init` succeeded at 22:44:29.260367 after 84.99 seconds
[0m22:44:29.260367 [debug] [MainThread]: Sending event: {'category': 'dbt', 'action': 'invocation', 'label': 'end', 'context': [<snowplow_tracker.self_describing_json.SelfDescribingJson object at 0x000001563198A0E0>, <snowplow_tracker.self_describing_json.SelfDescribingJson object at 0x0000015632C48FD0>, <snowplow_tracker.self_describing_json.SelfDescribingJson object at 0x0000015632C71180>]}
[0m22:44:29.260367 [debug] [MainThread]: Flushing usage events
[0m22:44:29.316769 [debug] [MainThread]: An error was encountered while trying to flush usage events
